// Vitest Snapshot v1, https://vitest.dev/guide/snapshot.html

exports[`PolymorphicComponent component > should match snapshot for default paragraph 1`] = `
<div>
  <p>
    Default snapshot
  </p>
</div>
`;

exports[`PolymorphicComponent component > should match snapshot for heading 1`] = `
<div>
  <h1>
    Heading snapshot
  </h1>
</div>
`;

exports[`PolymorphicComponent component > should match snapshot for span 1`] = `
<div>
  <span>
    Span snapshot
  </span>
</div>
`;
